
   PASS  Tests\Unit\ExampleTest
  Γ£ô that true is true        0.01s  

   PASS  Tests\Feature\AuthTest
  Γ£ô user can register withΓÇª  1.81s  
  Γ£ô register fails with dupΓÇª 0.08s  
  Γ£ô register fails withoutΓÇª  0.07s  
  Γ£ô user can login with corΓÇª 0.11s  
  Γ£ô login fails with wrongΓÇª  0.33s  
  Γ£ô authenticated user canΓÇª  0.10s  
  Γ£ô unauthenticated user caΓÇª 0.07s  
  Γ£ô authenticated user canΓÇª  0.09s  

   PASS  Tests\Feature\ExampleTest
  Γ£ô the application returnsΓÇª 0.12s  

   PASS  Tests\Feature\TaskTest
  Γ£ô authenticated user canΓÇª  0.08s  
  Γ£ô task creation requiresΓÇª  0.08s  
  Γ£ô task creation rejects iΓÇª 0.07s  
  Γ£ô user can list own tasksΓÇª 0.12s  
  Γ£ô user can filter tasks bΓÇª 0.08s  
  Γ£ô user can view own task   0.08s  
  Γ£ô user cannot view anotheΓÇª 0.09s  
  Γ£ô user can update own tasΓÇª 0.08s  
  Γ£ô user cannot update anotΓÇª 0.07s  
  Γ£ô user can soft delete owΓÇª 0.08s  
  Γ£ô user cannot delete anotΓÇª 0.07s  
  Γ£ô unauthenticated user caΓÇª 0.06s  

  Tests:    22 passed (71 assertions)
  Duration: 4.24s

